// Jest Snapshot v1, https://goo.gl/fbAQLP

exports[`Example onClick 1`] = `
<div>
  <p>
    1
  </p>
  <button
    onClick={[Function]}
  >
    Click
  </button>
</div>
`;

exports[`Example onClick 2`] = `
<div>
  <p>
    2
  </p>
  <button
    onClick={[Function]}
  >
    Click
  </button>
</div>
`;

exports[`Example レンダリングができること 1`] = `
<div>
  <p>
    0
  </p>
  <button
    onClick={[Function]}
  >
    Click
  </button>
</div>
`;
